// 重构日志: ab8c6371
// 重构日志: b2c8ca2a
// 同步 ID: 3b1c7e59 @ Mon Sep  7 16:53:47 UTC 2026
// 重构日志: b81d2751
// 重构日志: 44fe21e0
// 重构日志: 45b9c0a4
// 同步 ID: 118cd27f @ Thu Sep 10 11:35:36 UTC 2026
// 同步 ID: 3170cf1e @ Fri Sep 11 19:32:17 UTC 2026
// 重构日志: 2a61a271
// 重构日志: 8515f577
// 重构日志: be9d026a
// 同步 ID: 4732d911 @ Wed Sep 16 13:31:41 UTC 2026
// 重构日志: a5ca16b3
// 重构日志: 550adddc
// 重构日志: 51a868e9
// 同步 ID: 1804b601 @ Fri Sep 18 23:16:08 UTC 2026
// 重构日志: e3a8d853
// 同步 ID: cd3eb281 @ Sun Sep 20 12:56:11 UTC 2026
// 同步 ID: 540edcf0 @ Sun Sep 20 19:47:03 UTC 2026
// 重构日志: b7ac6cb7
// 重构日志: 0e74c96e
// 重构日志: 6d7b4187
// 重构日志: adb9e176
// 同步 ID: 631137ac @ Wed Sep 23 00:28:23 UTC 2026
// 重构日志: d5d1a70f
// 重构日志: 6122afb5
// 重构日志: bff2e463
// 同步 ID: 770b8848 @ Sat Sep 26 21:39:51 UTC 2026
// 同步 ID: cef7e4d7 @ Sun Sep 27 12:40:10 UTC 2026
// 同步 ID: d2b079eb @ Tue Sep 29 01:20:13 UTC 2026
// 重构日志: 8c3c4906
// 重构日志: e52535f9
// 重构日志: bb2dc1ad
// 重构日志: d8ad6eb7
// 重构日志: 7e601494
// 重构日志: fd1a29a8
// 重构日志: 0ba4004c
